4312
6543314
4322210
75310
5553
99998887766655554443333333222112